SST_trc.h
TVT_trc.h
adr_trc.h
atci_trc.h
bee_trc.h
bmc_trc.h
bmt_trc.h
cc_trc.h
ciss_trc.h
cmux_trc.h
csce_trc.h
cse_trc.h
csm_trc.h
csr_trc.h
dbme_trc.h
dp_engine_trc.h
dps_trc.h
drlc_trc.h
drv_trc.h
dt_trc.h
event_info_trc.h
ex_trc.h
fa_trc.h
flc_trc.h
fs_trc.h
gps_trc.h
keypad_trc.h
l1a_trace.h
l1audio_sph_trc.h
l1sp_trc.h
l2_hw_acc_sim_trc.h
l2r_trc.h
l4_trc.h
lapdm_trc.h
ll1_trc.h
llc_trc.h
mac_trc.h
med_trc.h
meme_trc.h
mm_trc.h
mnl_trc.h
mpal_trace.h
mpal_trc.h
nvram_trc.h
pdcp_trc.h
phb_trc.h
ppp_trc.h
rabm_trc.h
rac_trc.h
ratcm_trc.h
ratdm_trc.h
rfc2507_lib_trc.h
rlc_trc.h
rlp_trc.h
rndis_trc.h
rr_trc.h
rrce_trc.h
rrlp_trc.h
rsvag_trc.h
rsvak_trc.h
rsvas_trc.h
rsvau_trc.h
rtc_trc.h
scsi_trc.h
seq_trc.h
sibe_trc.h
sim_drv_trc.h
sim_trc.h
slce_trc.h
sm_trc.h
sms_trc.h
smsal_trc.h
smu_trc.h
snd_trc.h
system_trc.h
t30_trc.h
tcm_trc.h
tdt_trc.h
touch_panel_trc.h
tst_trace.h
uagps_cp_trc.h
uagps_trc.h
uagps_up_trc.h
udps_trc.h
uem_trc.h
ul1a_trc.h
ul2_trc.h
umac_trc.h
ups_trc.h
urlc_trc.h
urr_trc.h
usb_trc.h
usime_trc.h
